#! 
:ivl_version "14.0 (devel)" "(s20260301-322-ga4989d023-dirty)";
:ivl_delay_selection "TYPICAL";
:vpi_time_precision - 12;
:vpi_module "D:\OSS-CA~1\lib\ivl\system.vpi";
:vpi_module "D:\OSS-CA~1\lib\ivl\vhdl_sys.vpi";
:vpi_module "D:\OSS-CA~1\lib\ivl\vhdl_textio.vpi";
:vpi_module "D:\OSS-CA~1\lib\ivl\v2005_math.vpi";
:vpi_module "D:\OSS-CA~1\lib\ivl\va_math.vpi";
S_000002885b1ebb00 .scope module, "full_adder_tb" "full_adder_tb" 2 7;
 .timescale -9 -12;
v000002885b1f1830_0 .var "a", 0 0;
v000002885b1f16f0_0 .var "b", 0 0;
v000002885b1f1790_0 .var "cin", 0 0;
v000002885b1f1970_0 .net "cout", 0 0, L_000002885b1eb330;  1 drivers
v000002885b1f0cf0_0 .var/i "errors", 31 0;
v000002885b1f0c50_0 .var/i "i", 31 0;
v000002885b1f0ed0_0 .net "sum", 0 0, L_000002885b1eadf0;  1 drivers
S_00000288595de6e0 .scope module, "uut" "full_adder" 2 14, 3 35 0, S_000002885b1ebb00;
 .timescale -9 -12;
    .port_info 0 /INPUT 1 "a";
    .port_info 1 /INPUT 1 "b";
    .port_info 2 /INPUT 1 "cin";
    .port_info 3 /OUTPUT 1 "sum";
    .port_info 4 /OUTPUT 1 "cout";
L_000002885b1eb330 .functor OR 1, L_000002885b1eb090, L_000002885b1eb100, C4<0>, C4<0>;
v000002885b1f1510_0 .net "a", 0 0, v000002885b1f1830_0;  1 drivers
v000002885b1f11f0_0 .net "b", 0 0, v000002885b1f16f0_0;  1 drivers
v000002885b1f10b0_0 .net "c1", 0 0, L_000002885b1eb090;  1 drivers
v000002885b1f1150_0 .net "c2", 0 0, L_000002885b1eb100;  1 drivers
v000002885b1f0bb0_0 .net "cin", 0 0, v000002885b1f1790_0;  1 drivers
v000002885b1f1470_0 .net "cout", 0 0, L_000002885b1eb330;  alias, 1 drivers
v000002885b1f1650_0 .net "s1", 0 0, L_000002885b1eaf40;  1 drivers
v000002885b1f0b10_0 .net "sum", 0 0, L_000002885b1eadf0;  alias, 1 drivers
S_00000288595de870 .scope module, "ha1" "ha" 3 46, 3 8 0, S_00000288595de6e0;
 .timescale -9 -12;
    .port_info 0 /INPUT 1 "a";
    .port_info 1 /INPUT 1 "b";
    .port_info 2 /OUTPUT 1 "sum";
    .port_info 3 /OUTPUT 1 "carry";
L_000002885b1eaf40 .functor XOR 1, v000002885b1f1830_0, v000002885b1f16f0_0, C4<0>, C4<0>;
L_000002885b1eb090 .functor AND 1, v000002885b1f1830_0, v000002885b1f16f0_0, C4<1>, C4<1>;
v000002885b1f13d0_0 .net "a", 0 0, v000002885b1f1830_0;  alias, 1 drivers
v000002885b1f1290_0 .net "b", 0 0, v000002885b1f16f0_0;  alias, 1 drivers
v000002885b1f18d0_0 .net "carry", 0 0, L_000002885b1eb090;  alias, 1 drivers
v000002885b1f1010_0 .net "sum", 0 0, L_000002885b1eaf40;  alias, 1 drivers
S_00000288595dea00 .scope module, "ha2" "ha" 3 54, 3 8 0, S_00000288595de6e0;
 .timescale -9 -12;
    .port_info 0 /INPUT 1 "a";
    .port_info 1 /INPUT 1 "b";
    .port_info 2 /OUTPUT 1 "sum";
    .port_info 3 /OUTPUT 1 "carry";
L_000002885b1eadf0 .functor XOR 1, L_000002885b1eaf40, v000002885b1f1790_0, C4<0>, C4<0>;
L_000002885b1eb100 .functor AND 1, L_000002885b1eaf40, v000002885b1f1790_0, C4<1>, C4<1>;
v000002885b1f15b0_0 .net "a", 0 0, L_000002885b1eaf40;  alias, 1 drivers
v000002885b1f0e30_0 .net "b", 0 0, v000002885b1f1790_0;  alias, 1 drivers
v000002885b1f1a10_0 .net "carry", 0 0, L_000002885b1eb100;  alias, 1 drivers
v000002885b1f1330_0 .net "sum", 0 0, L_000002885b1eadf0;  alias, 1 drivers
    .scope S_000002885b1ebb00;
T_0 ;
    %pushi/vec4 0, 0, 32;
    %store/vec4 v000002885b1f0cf0_0, 0, 32;
    %end;
    .thread T_0;
    .scope S_000002885b1ebb00;
T_1 ;
    %vpi_call 2 20 "$dumpfile", "wave.vcd" {0 0 0};
    %vpi_call 2 21 "$dumpvars", 32'sb00000000000000000000000000000000, S_000002885b1ebb00 {0 0 0};
    %vpi_call 2 23 "$display", "\000" {0 0 0};
    %vpi_call 2 24 "$display", "   a  b  cin  |  cout  sum   =  \345\215\201\351\200\262\344\275\215" {0 0 0};
    %vpi_call 2 25 "$display", "  ------------+----------------------" {0 0 0};
    %pushi/vec4 0, 0, 32;
    %store/vec4 v000002885b1f0c50_0, 0, 32;
T_1.0 ; Top of for-loop
    %load/vec4 v000002885b1f0c50_0;
    %cmpi/s 8, 0, 32;
	  %jmp/0xz T_1.1, 5;
    %load/vec4 v000002885b1f0c50_0;
    %parti/s 3, 0, 2;
    %split/vec4 1;
    %store/vec4 v000002885b1f1790_0, 0, 1;
    %split/vec4 1;
    %store/vec4 v000002885b1f16f0_0, 0, 1;
    %store/vec4 v000002885b1f1830_0, 0, 1;
    %delay 10000, 0;
    %load/vec4 v000002885b1f1970_0;
    %load/vec4 v000002885b1f0ed0_0;
    %concat/vec4; draw_concat_vec4
    %vpi_call 2 31 "$display", "   %b  %b   %b   |   %b     %b    =    %0d", v000002885b1f1830_0, v000002885b1f16f0_0, v000002885b1f1790_0, v000002885b1f1970_0, v000002885b1f0ed0_0, S<0,vec4,u2> {1 0 0};
    %load/vec4 v000002885b1f1970_0;
    %load/vec4 v000002885b1f0ed0_0;
    %concat/vec4; draw_concat_vec4
    %load/vec4 v000002885b1f1830_0;
    %pad/u 2;
    %load/vec4 v000002885b1f16f0_0;
    %pad/u 2;
    %add;
    %load/vec4 v000002885b1f1790_0;
    %pad/u 2;
    %add;
    %cmp/ne;
    %jmp/0xz  T_1.3, 6;
    %load/vec4 v000002885b1f1830_0;
    %load/vec4 v000002885b1f16f0_0;
    %add;
    %load/vec4 v000002885b1f1790_0;
    %add;
    %vpi_call 2 34 "$display", "        ^^^ \351\214\257\344\272\206\357\274\201\346\207\211\350\251\262\346\230\257 %0d", S<0,vec4,u1> {1 0 0};
    %load/vec4 v000002885b1f0cf0_0;
    %addi 1, 0, 32;
    %store/vec4 v000002885b1f0cf0_0, 0, 32;
T_1.3 ;
T_1.2 ; for-loop step statement
    %load/vec4 v000002885b1f0c50_0;
    %addi 1, 0, 32;
    %store/vec4 v000002885b1f0c50_0, 0, 32;
    %jmp T_1.0;
T_1.1 ; for-loop exit label
    %vpi_call 2 39 "$display", "\000" {0 0 0};
    %load/vec4 v000002885b1f0cf0_0;
    %cmpi/e 0, 0, 32;
    %jmp/0xz  T_1.5, 4;
    %vpi_call 2 41 "$display", "  >>> 8 \347\250\256\347\265\204\345\220\210\345\205\250\351\203\250\346\255\243\347\242\272\357\274\201" {0 0 0};
    %jmp T_1.6;
T_1.5 ;
    %vpi_call 2 43 "$display", "  >>> \346\234\211 %0d \345\200\213\351\214\257\350\252\244", v000002885b1f0cf0_0 {0 0 0};
T_1.6 ;
    %vpi_call 2 44 "$display", "\000" {0 0 0};
    %delay 10000, 0;
    %vpi_call 2 46 "$finish" {0 0 0};
    %end;
    .thread T_1;
# The file index is used to find the file name in the following table.
:file_names 4;
    "N/A";
    "<interactive>";
    "03_full_adder_tb.v";
    "03_full_adder.v";
