#! 
:ivl_version "14.0 (devel)" "(s20260301-322-ga4989d023-dirty)";
:ivl_delay_selection "TYPICAL";
:vpi_time_precision - 12;
:vpi_module "D:\OSS-CA~1\lib\ivl\system.vpi";
:vpi_module "D:\OSS-CA~1\lib\ivl\vhdl_sys.vpi";
:vpi_module "D:\OSS-CA~1\lib\ivl\vhdl_textio.vpi";
:vpi_module "D:\OSS-CA~1\lib\ivl\v2005_math.vpi";
:vpi_module "D:\OSS-CA~1\lib\ivl\va_math.vpi";
S_0000017a971cc250 .scope module, "full_adder_tb" "full_adder_tb" 2 7;
 .timescale -9 -12;
v0000017a971d14e0_0 .var "a", 0 0;
v0000017a971d1b20_0 .var "b", 0 0;
v0000017a971d1d00_0 .var "cin", 0 0;
v0000017a971d1f80_0 .net "cout", 0 0, L_0000017a971caef0;  1 drivers
v0000017a971d1800_0 .var/i "errors", 31 0;
v0000017a971d2020_0 .var/i "i", 31 0;
v0000017a971d20c0_0 .net "sum", 0 0, L_0000017a971cae80;  1 drivers
S_0000017a971da2a0 .scope module, "uut" "full_adder" 2 14, 3 35 0, S_0000017a971cc250;
 .timescale -9 -12;
    .port_info 0 /INPUT 1 "a";
    .port_info 1 /INPUT 1 "b";
    .port_info 2 /INPUT 1 "cin";
    .port_info 3 /OUTPUT 1 "sum";
    .port_info 4 /OUTPUT 1 "cout";
L_0000017a971caef0 .functor OR 1, L_0000017a971cada0, L_0000017a971cb120, C4<0>, C4<0>;
v0000017a971d13a0_0 .net "a", 0 0, v0000017a971d14e0_0;  1 drivers
v0000017a971d1940_0 .net "b", 0 0, v0000017a971d1b20_0;  1 drivers
v0000017a971d1620_0 .net "c1", 0 0, L_0000017a971cada0;  1 drivers
v0000017a971d1ee0_0 .net "c2", 0 0, L_0000017a971cb120;  1 drivers
v0000017a971d19e0_0 .net "cin", 0 0, v0000017a971d1d00_0;  1 drivers
v0000017a971d16c0_0 .net "cout", 0 0, L_0000017a971caef0;  alias, 1 drivers
v0000017a971d1760_0 .net "s1", 0 0, L_0000017a971cb200;  1 drivers
v0000017a971d1da0_0 .net "sum", 0 0, L_0000017a971cae80;  alias, 1 drivers
S_0000017a971da430 .scope module, "ha1" "ha" 3 46, 3 8 0, S_0000017a971da2a0;
 .timescale -9 -12;
    .port_info 0 /INPUT 1 "a";
    .port_info 1 /INPUT 1 "b";
    .port_info 2 /OUTPUT 1 "sum";
    .port_info 3 /OUTPUT 1 "carry";
L_0000017a971cb200 .functor XOR 1, v0000017a971d14e0_0, v0000017a971d1b20_0, C4<0>, C4<0>;
L_0000017a971cada0 .functor AND 1, v0000017a971d14e0_0, v0000017a971d1b20_0, C4<1>, C4<1>;
v0000017a971d1440_0 .net "a", 0 0, v0000017a971d14e0_0;  alias, 1 drivers
v0000017a971d1a80_0 .net "b", 0 0, v0000017a971d1b20_0;  alias, 1 drivers
v0000017a971d1300_0 .net "carry", 0 0, L_0000017a971cada0;  alias, 1 drivers
v0000017a971d1c60_0 .net "sum", 0 0, L_0000017a971cb200;  alias, 1 drivers
S_0000017a971da5c0 .scope module, "ha2" "ha" 3 54, 3 8 0, S_0000017a971da2a0;
 .timescale -9 -12;
    .port_info 0 /INPUT 1 "a";
    .port_info 1 /INPUT 1 "b";
    .port_info 2 /OUTPUT 1 "sum";
    .port_info 3 /OUTPUT 1 "carry";
L_0000017a971cae80 .functor XOR 1, L_0000017a971cb200, v0000017a971d1d00_0, C4<0>, C4<0>;
L_0000017a971cb120 .functor AND 1, L_0000017a971cb200, v0000017a971d1d00_0, C4<1>, C4<1>;
v0000017a971d18a0_0 .net "a", 0 0, L_0000017a971cb200;  alias, 1 drivers
v0000017a971d1e40_0 .net "b", 0 0, v0000017a971d1d00_0;  alias, 1 drivers
v0000017a971d1bc0_0 .net "carry", 0 0, L_0000017a971cb120;  alias, 1 drivers
v0000017a971d1580_0 .net "sum", 0 0, L_0000017a971cae80;  alias, 1 drivers
    .scope S_0000017a971cc250;
T_0 ;
    %pushi/vec4 0, 0, 32;
    %store/vec4 v0000017a971d1800_0, 0, 32;
    %end;
    .thread T_0;
    .scope S_0000017a971cc250;
T_1 ;
    %vpi_call 2 20 "$dumpfile", "wave.vcd" {0 0 0};
    %vpi_call 2 21 "$dumpvars", 32'sb00000000000000000000000000000000, S_0000017a971cc250 {0 0 0};
    %vpi_call 2 23 "$display", "\000" {0 0 0};
    %vpi_call 2 24 "$display", "   a  b  cin  |  cout  sum   =  \345\215\201\351\200\262\344\275\215" {0 0 0};
    %vpi_call 2 25 "$display", "  ------------+----------------------" {0 0 0};
    %pushi/vec4 0, 0, 32;
    %store/vec4 v0000017a971d2020_0, 0, 32;
T_1.0 ; Top of for-loop
    %load/vec4 v0000017a971d2020_0;
    %cmpi/s 8, 0, 32;
	  %jmp/0xz T_1.1, 5;
    %load/vec4 v0000017a971d2020_0;
    %parti/s 3, 0, 2;
    %split/vec4 1;
    %store/vec4 v0000017a971d1d00_0, 0, 1;
    %split/vec4 1;
    %store/vec4 v0000017a971d1b20_0, 0, 1;
    %store/vec4 v0000017a971d14e0_0, 0, 1;
    %delay 10000, 0;
    %load/vec4 v0000017a971d1f80_0;
    %load/vec4 v0000017a971d20c0_0;
    %concat/vec4; draw_concat_vec4
    %vpi_call 2 31 "$display", "   %b  %b   %b   |   %b     %b    =    %0d", v0000017a971d14e0_0, v0000017a971d1b20_0, v0000017a971d1d00_0, v0000017a971d1f80_0, v0000017a971d20c0_0, S<0,vec4,u2> {1 0 0};
    %load/vec4 v0000017a971d1f80_0;
    %load/vec4 v0000017a971d20c0_0;
    %concat/vec4; draw_concat_vec4
    %load/vec4 v0000017a971d14e0_0;
    %pad/u 2;
    %load/vec4 v0000017a971d1b20_0;
    %pad/u 2;
    %add;
    %load/vec4 v0000017a971d1d00_0;
    %pad/u 2;
    %add;
    %cmp/ne;
    %jmp/0xz  T_1.3, 6;
    %load/vec4 v0000017a971d14e0_0;
    %load/vec4 v0000017a971d1b20_0;
    %add;
    %load/vec4 v0000017a971d1d00_0;
    %add;
    %vpi_call 2 34 "$display", "        ^^^ \351\214\257\344\272\206\357\274\201\346\207\211\350\251\262\346\230\257 %0d", S<0,vec4,u1> {1 0 0};
    %load/vec4 v0000017a971d1800_0;
    %addi 1, 0, 32;
    %store/vec4 v0000017a971d1800_0, 0, 32;
T_1.3 ;
T_1.2 ; for-loop step statement
    %load/vec4 v0000017a971d2020_0;
    %addi 1, 0, 32;
    %store/vec4 v0000017a971d2020_0, 0, 32;
    %jmp T_1.0;
T_1.1 ; for-loop exit label
    %vpi_call 2 39 "$display", "\000" {0 0 0};
    %load/vec4 v0000017a971d1800_0;
    %cmpi/e 0, 0, 32;
    %jmp/0xz  T_1.5, 4;
    %vpi_call 2 41 "$display", "  >>> 8 \347\250\256\347\265\204\345\220\210\345\205\250\351\203\250\346\255\243\347\242\272\357\274\201" {0 0 0};
    %jmp T_1.6;
T_1.5 ;
    %vpi_call 2 43 "$display", "  >>> \346\234\211 %0d \345\200\213\351\214\257\350\252\244", v0000017a971d1800_0 {0 0 0};
T_1.6 ;
    %vpi_call 2 44 "$display", "\000" {0 0 0};
    %delay 10000, 0;
    %vpi_call 2 46 "$finish" {0 0 0};
    %end;
    .thread T_1;
# The file index is used to find the file name in the following table.
:file_names 4;
    "N/A";
    "<interactive>";
    "03_full_adder_tb.v";
    "03_full_adder.v";
